// Jest Snapshot v1, https://goo.gl/fbAQLP

exports[`minimal configuration 1`] = `
Resources:
  HostedZoneDB99F866:
    Type: AWS::Route53::HostedZone
    Properties:
      Name: hub.constructs.test.
Parameters:
  BootstrapVersion:
    Type: AWS::SSM::Parameter::Value<String>
    Default: /cdk-bootstrap/hnb659fds/version
    Description: Version of the CDK Bootstrap resources in this environment,
      automatically retrieved from SSM Parameter Store.
Rules:
  CheckBootstrapVersion:
    Assertions:
      - Assert:
          Fn::Not:
            - Fn::Contains:
                - - "1"
                  - "2"
                  - "3"
                - Ref: BootstrapVersion
        AssertDescription: CDK bootstrap stack version 4 required. Please run 'cdk
          bootstrap' with a recent version of the CDK CLI.

`;
